#-----------------------------------------------------------
# Vivado v2023.1.1 (64-bit)
# SW Build 3900603 on Fri Jun 16 19:31:24 MDT 2023
# IP Build 3900379 on Sat Jun 17 05:28:05 MDT 2023
# SharedData Build 3899622 on Fri Jun 16 03:34:24 MDT 2023
# Start of session at: Sun May  3 14:55:41 2026
# Process ID: 19876
# Current directory: C:/Users/trans/Desktop/project_1/project_1.runs/design_1_axi_color_led_display_0_0_synth_1
# Command line: vivado.exe -log design_1_axi_color_led_display_0_0.vds -product Vivado -mode batch -messageDb vivado.pb -notrace -source design_1_axi_color_led_display_0_0.tcl
# Log file: C:/Users/trans/Desktop/project_1/project_1.runs/design_1_axi_color_led_display_0_0_synth_1/design_1_axi_color_led_display_0_0.vds
# Journal file: C:/Users/trans/Desktop/project_1/project_1.runs/design_1_axi_color_led_display_0_0_synth_1\vivado.jou
# Running On: DavidPC, OS: Windows, CPU Frequency: 3072 MHz, CPU Physical cores: 16, Host memory: 33736 MB
#-----------------------------------------------------------
source design_1_axi_color_led_display_0_0.tcl -notrace
