Nothing to build in platform 'project_1_work_plat'

19:55:25 **** Clean-only build of configuration Debug for project project_1_work_app ****
make clean 
rm -rf  ./src/helloworld.o ./src/platform.o  ./src/helloworld.d ./src/platform.d  project_1_work_app.elf.size  project_1_work_app.elf
' '
19:55:25 **** Incremental Build of configuration Debug for project project_1_work_app ****
make all 
make --no-print-directory pre-build
a9-linaro-pre-build-step
' '
make --no-print-directory main-build
'Building file: ../src/helloworld.c'
'Invoking: ARM v7 gcc compiler'
arm-none-eabi-gcc -Wall -O0 -g3 -c -fmessage-length=0 -MT"src/helloworld.o" -mcpu=cortex-a9 -mfpu=vfpv3 -mfloat-abi=hard -IC:/Users/trans/Desktop/project_1/project_1_work_vitis/project_1_work_plat/export/project_1_work_plat/sw/project_1_work_plat/standalone_domain/bspinclude/include -MMD -MP -MF"src/helloworld.d" -MT"src/helloworld.o" -o "src/helloworld.o" "../src/helloworld.c"
'Finished building: ../src/helloworld.c'
' '
'Building file: ../src/platform.c'
'Invoking: ARM v7 gcc compiler'
arm-none-eabi-gcc -Wall -O0 -g3 -c -fmessage-length=0 -MT"src/platform.o" -mcpu=cortex-a9 -mfpu=vfpv3 -mfloat-abi=hard -IC:/Users/trans/Desktop/project_1/project_1_work_vitis/project_1_work_plat/export/project_1_work_plat/sw/project_1_work_plat/standalone_domain/bspinclude/include -MMD -MP -MF"src/platform.d" -MT"src/platform.o" -o "src/platform.o" "../src/platform.c"
'Finished building: ../src/platform.c'
' '
'Building target: project_1_work_app.elf'
'Invoking: ARM v7 gcc linker'
arm-none-eabi-gcc -mcpu=cortex-a9 -mfpu=vfpv3 -mfloat-abi=hard -Wl,-build-id=none -specs=Xilinx.spec -Wl,-T -Wl,../src/lscript.ld -LC:/Users/trans/Desktop/project_1/project_1_work_vitis/project_1_work_plat/export/project_1_work_plat/sw/project_1_work_plat/standalone_domain/bsplib/lib -o "project_1_work_app.elf"  ./src/helloworld.o ./src/platform.o   -Wl,--start-group,-lxil,-lgcc,-lc,--end-group
'Finished building target: project_1_work_app.elf'
' '
'Invoking: ARM v7 Print Size'
arm-none-eabi-size project_1_work_app.elf  |tee "project_1_work_app.elf.size"
   text	   data	    bss	    dec	    hex	filename
  30869	   1160	  22648	  54677	   d595	project_1_work_app.elf
'Finished building: project_1_work_app.elf.size'
' '
19:55:28 **** Incremental Build of configuration Debug for project project_1_work_app_system ****
make all 
Generating bif file for the system project
generate_system_bif.bat 60469 C:/Users/trans/Desktop/project_1/project_1_work_vitis/project_1_work_plat/export/project_1_work_plat/project_1_work_plat.xpfm standalone_domain C:/Users/trans/Desktop/project_1/project_1_work_vitis/project_1_work_app_system/Debug/system.bif
sdcard_gen --xpfm C:/Users/trans/Desktop/project_1/project_1_work_vitis/project_1_work_plat/export/project_1_work_plat/project_1_work_plat.xpfm --sys_config project_1_work_plat --bif C:/Users/trans/Desktop/project_1/project_1_work_vitis/project_1_work_app_system/Debug/system.bif --bitstream C:/Users/trans/Desktop/project_1/project_1_work_vitis/project_1_work_app/_ide/bitstream/design_1_DISPLAY_AGAIN_wrapper.bit --elf C:/Users/trans/Desktop/project_1/project_1_work_vitis/project_1_work_app/Debug/project_1_work_app.elf,ps7_cortexa9_0
creating BOOT.BIN using C:/Users/trans/Desktop/project_1/project_1_work_vitis/project_1_work_app/_ide/bitstream/design_1_DISPLAY_AGAIN_wrapper.bit
Running C:/Xilinx/Vitis/2023.1/bin/bootgen  -image C:/Users/trans/Desktop/project_1/project_1_work_vitis/project_1_work_app_system/Debug/sd_card_temp/boot.bif -w -o i BOOT.BIN
