19:55:25 **** Incremental Build of configuration Debug for project project_1_work_app ****
make all 
make --no-print-directory pre-build
a9-linaro-pre-build-step
' '
make --no-print-directory main-build
'Building file: ../src/helloworld.c'
'Invoking: ARM v7 gcc compiler'
arm-none-eabi-gcc -Wall -O0 -g3 -c -fmessage-length=0 -MT"src/helloworld.o" -mcpu=cortex-a9 -mfpu=vfpv3 -mfloat-abi=hard -IC:/Users/trans/Desktop/project_1/project_1_work_vitis/project_1_work_plat/export/project_1_work_plat/sw/project_1_work_plat/standalone_domain/bspinclude/include -MMD -MP -MF"src/helloworld.d" -MT"src/helloworld.o" -o "src/helloworld.o" "../src/helloworld.c"
'Finished building: ../src/helloworld.c'
' '
'Building file: ../src/platform.c'
'Invoking: ARM v7 gcc compiler'
arm-none-eabi-gcc -Wall -O0 -g3 -c -fmessage-length=0 -MT"src/platform.o" -mcpu=cortex-a9 -mfpu=vfpv3 -mfloat-abi=hard -IC:/Users/trans/Desktop/project_1/project_1_work_vitis/project_1_work_plat/export/project_1_work_plat/sw/project_1_work_plat/standalone_domain/bspinclude/include -MMD -MP -MF"src/platform.d" -MT"src/platform.o" -o "src/platform.o" "../src/platform.c"
'Finished building: ../src/platform.c'
' '
'Building target: project_1_work_app.elf'
'Invoking: ARM v7 gcc linker'
arm-none-eabi-gcc -mcpu=cortex-a9 -mfpu=vfpv3 -mfloat-abi=hard -Wl,-build-id=none -specs=Xilinx.spec -Wl,-T -Wl,../src/lscript.ld -LC:/Users/trans/Desktop/project_1/project_1_work_vitis/project_1_work_plat/export/project_1_work_plat/sw/project_1_work_plat/standalone_domain/bsplib/lib -o "project_1_work_app.elf"  ./src/helloworld.o ./src/platform.o   -Wl,--start-group,-lxil,-lgcc,-lc,--end-group
'Finished building target: project_1_work_app.elf'
' '
'Invoking: ARM v7 Print Size'
arm-none-eabi-size project_1_work_app.elf  |tee "project_1_work_app.elf.size"
   text	   data	    bss	    dec	    hex	filename
  30869	   1160	  22648	  54677	   d595	project_1_work_app.elf
'Finished building: project_1_work_app.elf.size'
' '

19:55:27 Build Finished (took 2s.155ms)

