10:42:53 DEBUG : Logs will be stored at 'C:/Users/kc10b/Vivado/ECE520L/FinalProject/project_1/project_1_vitis/IDE.log'.
10:45:14 INFO  : Launching XSCT server: xsct.bat -n  -interactive C:\Users\kc10b\Vivado\ECE520L\FinalProject\project_1\project_1_vitis\temp_xsdb_launch_script.tcl
10:45:14 INFO  : Registering command handlers for Vitis TCF services
10:45:16 INFO  : XSCT server has started successfully.
10:45:17 INFO  : plnx-install-location is set to ''
10:45:17 INFO  : Successfully done setting XSCT server connection channel  
10:45:17 INFO  : Successfully done query RDI_DATADIR 
10:45:17 INFO  : Successfully done setting workspace for the tool. 
10:45:17 INFO  : Platform repository initialization has completed.
10:47:40 INFO  : Result from executing command 'getProjects': project_1_plat
10:47:40 INFO  : Result from executing command 'getPlatforms': xilinx_vck190_base_202310_1|C:/Xilinx/Vitis/2023.1/base_platforms/xilinx_vck190_base_202310_1/xilinx_vck190_base_202310_1.xpfm;xilinx_vck190_base_dfx_202310_1|C:/Xilinx/Vitis/2023.1/base_platforms/xilinx_vck190_base_dfx_202310_1/xilinx_vck190_base_dfx_202310_1.xpfm;xilinx_vek280_es1_base_202310_1|C:/Xilinx/Vitis/2023.1/base_platforms/xilinx_vek280_es1_base_202310_1/xilinx_vek280_es1_base_202310_1.xpfm;xilinx_vmk180_base_202310_1|C:/Xilinx/Vitis/2023.1/base_platforms/xilinx_vmk180_base_202310_1/xilinx_vmk180_base_202310_1.xpfm;xilinx_zcu102_base_202310_1|C:/Xilinx/Vitis/2023.1/base_platforms/xilinx_zcu102_base_202310_1/xilinx_zcu102_base_202310_1.xpfm;xilinx_zcu102_base_dfx_202310_1|C:/Xilinx/Vitis/2023.1/base_platforms/xilinx_zcu102_base_dfx_202310_1/xilinx_zcu102_base_dfx_202310_1.xpfm;xilinx_zcu104_base_202310_1|C:/Xilinx/Vitis/2023.1/base_platforms/xilinx_zcu104_base_202310_1/xilinx_zcu104_base_202310_1.xpfm
10:49:02 INFO  : No changes in MSS file content so sources will not be generated.
10:49:10 INFO  : No changes in MSS file content so sources will not be generated.
10:50:45 INFO  : Result from executing command 'getProjects': project_1_plat
10:50:45 INFO  : Result from executing command 'getPlatforms': project_1_plat|C:/Users/kc10b/Vivado/ECE520L/FinalProject/project_1/project_1_vitis/project_1_plat/export/project_1_plat/project_1_plat.xpfm;xilinx_vck190_base_202310_1|C:/Xilinx/Vitis/2023.1/base_platforms/xilinx_vck190_base_202310_1/xilinx_vck190_base_202310_1.xpfm;xilinx_vck190_base_dfx_202310_1|C:/Xilinx/Vitis/2023.1/base_platforms/xilinx_vck190_base_dfx_202310_1/xilinx_vck190_base_dfx_202310_1.xpfm;xilinx_vek280_es1_base_202310_1|C:/Xilinx/Vitis/2023.1/base_platforms/xilinx_vek280_es1_base_202310_1/xilinx_vek280_es1_base_202310_1.xpfm;xilinx_vmk180_base_202310_1|C:/Xilinx/Vitis/2023.1/base_platforms/xilinx_vmk180_base_202310_1/xilinx_vmk180_base_202310_1.xpfm;xilinx_zcu102_base_202310_1|C:/Xilinx/Vitis/2023.1/base_platforms/xilinx_zcu102_base_202310_1/xilinx_zcu102_base_202310_1.xpfm;xilinx_zcu102_base_dfx_202310_1|C:/Xilinx/Vitis/2023.1/base_platforms/xilinx_zcu102_base_dfx_202310_1/xilinx_zcu102_base_dfx_202310_1.xpfm;xilinx_zcu104_base_202310_1|C:/Xilinx/Vitis/2023.1/base_platforms/xilinx_zcu104_base_202310_1/xilinx_zcu104_base_202310_1.xpfm
10:56:54 INFO  : Result from executing command 'getProjects': project_1_plat
10:56:54 INFO  : Result from executing command 'getPlatforms': project_1_plat|C:/Users/kc10b/Vivado/ECE520L/FinalProject/project_1/project_1_vitis/project_1_plat/export/project_1_plat/project_1_plat.xpfm;xilinx_vck190_base_202310_1|C:/Xilinx/Vitis/2023.1/base_platforms/xilinx_vck190_base_202310_1/xilinx_vck190_base_202310_1.xpfm;xilinx_vck190_base_dfx_202310_1|C:/Xilinx/Vitis/2023.1/base_platforms/xilinx_vck190_base_dfx_202310_1/xilinx_vck190_base_dfx_202310_1.xpfm;xilinx_vek280_es1_base_202310_1|C:/Xilinx/Vitis/2023.1/base_platforms/xilinx_vek280_es1_base_202310_1/xilinx_vek280_es1_base_202310_1.xpfm;xilinx_vmk180_base_202310_1|C:/Xilinx/Vitis/2023.1/base_platforms/xilinx_vmk180_base_202310_1/xilinx_vmk180_base_202310_1.xpfm;xilinx_zcu102_base_202310_1|C:/Xilinx/Vitis/2023.1/base_platforms/xilinx_zcu102_base_202310_1/xilinx_zcu102_base_202310_1.xpfm;xilinx_zcu102_base_dfx_202310_1|C:/Xilinx/Vitis/2023.1/base_platforms/xilinx_zcu102_base_dfx_202310_1/xilinx_zcu102_base_dfx_202310_1.xpfm;xilinx_zcu104_base_202310_1|C:/Xilinx/Vitis/2023.1/base_platforms/xilinx_zcu104_base_202310_1/xilinx_zcu104_base_202310_1.xpfm
11:00:46 INFO  : Checking for BSP changes to sync application flags for project 'project_1_app'...
11:01:54 INFO  : Connected to target on host '127.0.0.1' and port '3121'.
11:01:55 INFO  : Jtag cable 'Digilent Zybo Z7 210351B3FED4A' is selected.
11:01:55 INFO  : 'jtag frequency' command is executed.
11:01:55 INFO  : Context for 'APU' is selected.
11:01:55 INFO  : System reset is completed.
11:01:58 INFO  : 'after 3000' command is executed.
11:01:58 INFO  : 'targets -set -filter {jtag_cable_name =~ "Digilent Zybo Z7 210351B3FED4A" && level==0 && jtag_device_ctx=="jsn-Zybo Z7-210351B3FED4A-13722093-0"}' command is executed.
11:02:00 INFO  : Device configured successfully with "C:/Users/kc10b/Vivado/ECE520L/FinalProject/project_1/project_1_vitis/project_1_app/_ide/bitstream/design_1_wrapper.bit"
11:02:00 INFO  : Context for 'APU' is selected.
11:02:00 INFO  : Hardware design and registers information is loaded from 'C:/Users/kc10b/Vivado/ECE520L/FinalProject/project_1/project_1_vitis/project_1_plat/export/project_1_plat/hw/design_1_wrapper.xsa'.
11:02:00 INFO  : 'configparams force-mem-access 1' command is executed.
11:02:00 INFO  : Context for 'APU' is selected.
11:02:00 INFO  : Sourcing of 'C:/Users/kc10b/Vivado/ECE520L/FinalProject/project_1/project_1_vitis/project_1_app/_ide/psinit/ps7_init.tcl' is done.
11:02:01 INFO  : 'ps7_init' command is executed.
11:02:01 INFO  : 'ps7_post_config' command is executed.
11:02:01 INFO  : Context for processor 'ps7_cortexa9_0' is selected.
11:02:01 INFO  : The application 'C:/Users/kc10b/Vivado/ECE520L/FinalProject/project_1/project_1_vitis/project_1_app/Debug/project_1_app.elf' is downloaded to processor 'ps7_cortexa9_0'.
11:02:01 INFO  : 'configparams force-mem-access 0' command is executed.
11:02:01 INFO  : ----------------XSDB Script----------------
connect -url tcp:127.0.0.1:3121
targets -set -nocase -filter {name =~"APU*"}
rst -system
after 3000
targets -set -filter {jtag_cable_name =~ "Digilent Zybo Z7 210351B3FED4A" && level==0 && jtag_device_ctx=="jsn-Zybo Z7-210351B3FED4A-13722093-0"}
fpga -file C:/Users/kc10b/Vivado/ECE520L/FinalProject/project_1/project_1_vitis/project_1_app/_ide/bitstream/design_1_wrapper.bit
targets -set -nocase -filter {name =~"APU*"}
loadhw -hw C:/Users/kc10b/Vivado/ECE520L/FinalProject/project_1/project_1_vitis/project_1_plat/export/project_1_plat/hw/design_1_wrapper.xsa -mem-ranges [list {0x40000000 0xbfffffff}] -regs
configparams force-mem-access 1
targets -set -nocase -filter {name =~"APU*"}
source C:/Users/kc10b/Vivado/ECE520L/FinalProject/project_1/project_1_vitis/project_1_app/_ide/psinit/ps7_init.tcl
ps7_init
ps7_post_config
targets -set -nocase -filter {name =~ "*A9*#0"}
dow C:/Users/kc10b/Vivado/ECE520L/FinalProject/project_1/project_1_vitis/project_1_app/Debug/project_1_app.elf
configparams force-mem-access 0
----------------End of Script----------------

11:02:02 INFO  : Context for processor 'ps7_cortexa9_0' is selected.
11:02:02 INFO  : 'con' command is executed.
11:02:02 INFO  : ----------------XSDB Script (After Launch)----------------
targets -set -nocase -filter {name =~ "*A9*#0"}
con
----------------End of Script----------------

11:02:02 INFO  : Launch script is exported to file 'C:\Users\kc10b\Vivado\ECE520L\FinalProject\project_1\project_1_vitis\project_1_app_system\_ide\scripts\debugger_project_1_app-default.tcl'
11:06:59 INFO  : Checking for BSP changes to sync application flags for project 'project_1_app'...
11:07:15 INFO  : Disconnected from the channel tcfchan#3.
11:07:16 INFO  : Connected to target on host '127.0.0.1' and port '3121'.
11:07:16 INFO  : Jtag cable 'Digilent Zybo Z7 210351B3FED4A' is selected.
11:07:16 INFO  : 'jtag frequency' command is executed.
11:07:16 INFO  : Context for 'APU' is selected.
11:07:16 INFO  : System reset is completed.
11:07:19 INFO  : 'after 3000' command is executed.
11:07:20 INFO  : 'targets -set -filter {jtag_cable_name =~ "Digilent Zybo Z7 210351B3FED4A" && level==0 && jtag_device_ctx=="jsn-Zybo Z7-210351B3FED4A-13722093-0"}' command is executed.
11:07:21 INFO  : Device configured successfully with "C:/Users/kc10b/Vivado/ECE520L/FinalProject/project_1/project_1_vitis/project_1_app/_ide/bitstream/design_1_wrapper.bit"
11:07:21 INFO  : Context for 'APU' is selected.
11:07:21 INFO  : Hardware design and registers information is loaded from 'C:/Users/kc10b/Vivado/ECE520L/FinalProject/project_1/project_1_vitis/project_1_plat/export/project_1_plat/hw/design_1_wrapper.xsa'.
11:07:21 INFO  : 'configparams force-mem-access 1' command is executed.
11:07:21 INFO  : Context for 'APU' is selected.
11:07:21 INFO  : Sourcing of 'C:/Users/kc10b/Vivado/ECE520L/FinalProject/project_1/project_1_vitis/project_1_app/_ide/psinit/ps7_init.tcl' is done.
11:07:22 INFO  : 'ps7_init' command is executed.
11:07:22 INFO  : 'ps7_post_config' command is executed.
11:07:22 INFO  : Context for processor 'ps7_cortexa9_0' is selected.
11:07:22 INFO  : The application 'C:/Users/kc10b/Vivado/ECE520L/FinalProject/project_1/project_1_vitis/project_1_app/Debug/project_1_app.elf' is downloaded to processor 'ps7_cortexa9_0'.
11:07:22 INFO  : 'configparams force-mem-access 0' command is executed.
11:07:22 INFO  : ----------------XSDB Script----------------
connect -url tcp:127.0.0.1:3121
targets -set -nocase -filter {name =~"APU*"}
rst -system
after 3000
targets -set -filter {jtag_cable_name =~ "Digilent Zybo Z7 210351B3FED4A" && level==0 && jtag_device_ctx=="jsn-Zybo Z7-210351B3FED4A-13722093-0"}
fpga -file C:/Users/kc10b/Vivado/ECE520L/FinalProject/project_1/project_1_vitis/project_1_app/_ide/bitstream/design_1_wrapper.bit
targets -set -nocase -filter {name =~"APU*"}
loadhw -hw C:/Users/kc10b/Vivado/ECE520L/FinalProject/project_1/project_1_vitis/project_1_plat/export/project_1_plat/hw/design_1_wrapper.xsa -mem-ranges [list {0x40000000 0xbfffffff}] -regs
configparams force-mem-access 1
targets -set -nocase -filter {name =~"APU*"}
source C:/Users/kc10b/Vivado/ECE520L/FinalProject/project_1/project_1_vitis/project_1_app/_ide/psinit/ps7_init.tcl
ps7_init
ps7_post_config
targets -set -nocase -filter {name =~ "*A9*#0"}
dow C:/Users/kc10b/Vivado/ECE520L/FinalProject/project_1/project_1_vitis/project_1_app/Debug/project_1_app.elf
configparams force-mem-access 0
----------------End of Script----------------

11:07:22 INFO  : Context for processor 'ps7_cortexa9_0' is selected.
11:07:22 INFO  : 'con' command is executed.
11:07:22 INFO  : ----------------XSDB Script (After Launch)----------------
targets -set -nocase -filter {name =~ "*A9*#0"}
con
----------------End of Script----------------

11:07:22 INFO  : Launch script is exported to file 'C:\Users\kc10b\Vivado\ECE520L\FinalProject\project_1\project_1_vitis\project_1_app_system\_ide\scripts\debugger_project_1_app-default.tcl'
11:19:09 INFO  : Result from executing command 'getProjects': project_1_plat;project_1_plat1
11:19:09 INFO  : Result from executing command 'getPlatforms': project_1_plat|C:/Users/kc10b/Vivado/ECE520L/FinalProject/project_1/project_1_vitis/project_1_plat/export/project_1_plat/project_1_plat.xpfm;xilinx_vck190_base_202310_1|C:/Xilinx/Vitis/2023.1/base_platforms/xilinx_vck190_base_202310_1/xilinx_vck190_base_202310_1.xpfm;xilinx_vck190_base_dfx_202310_1|C:/Xilinx/Vitis/2023.1/base_platforms/xilinx_vck190_base_dfx_202310_1/xilinx_vck190_base_dfx_202310_1.xpfm;xilinx_vek280_es1_base_202310_1|C:/Xilinx/Vitis/2023.1/base_platforms/xilinx_vek280_es1_base_202310_1/xilinx_vek280_es1_base_202310_1.xpfm;xilinx_vmk180_base_202310_1|C:/Xilinx/Vitis/2023.1/base_platforms/xilinx_vmk180_base_202310_1/xilinx_vmk180_base_202310_1.xpfm;xilinx_zcu102_base_202310_1|C:/Xilinx/Vitis/2023.1/base_platforms/xilinx_zcu102_base_202310_1/xilinx_zcu102_base_202310_1.xpfm;xilinx_zcu102_base_dfx_202310_1|C:/Xilinx/Vitis/2023.1/base_platforms/xilinx_zcu102_base_dfx_202310_1/xilinx_zcu102_base_dfx_202310_1.xpfm;xilinx_zcu104_base_202310_1|C:/Xilinx/Vitis/2023.1/base_platforms/xilinx_zcu104_base_202310_1/xilinx_zcu104_base_202310_1.xpfm
11:19:38 ERROR : (XSDB Server)rm: cannot lstat `*.o': Invalid argument

11:19:38 ERROR : (XSDB Server)make: *** [Makefile:42: clean] Error 1

11:21:41 INFO  : Result from executing command 'getProjects': project_1_plat;project_1_plat1
11:21:41 INFO  : Result from executing command 'getPlatforms': project_1_plat1|C:/Users/kc10b/Vivado/ECE520L/FinalProject/project_1/project_1_vitis/project_1_plat1/export/project_1_plat1/project_1_plat1.xpfm;xilinx_vck190_base_202310_1|C:/Xilinx/Vitis/2023.1/base_platforms/xilinx_vck190_base_202310_1/xilinx_vck190_base_202310_1.xpfm;xilinx_vck190_base_dfx_202310_1|C:/Xilinx/Vitis/2023.1/base_platforms/xilinx_vck190_base_dfx_202310_1/xilinx_vck190_base_dfx_202310_1.xpfm;xilinx_vek280_es1_base_202310_1|C:/Xilinx/Vitis/2023.1/base_platforms/xilinx_vek280_es1_base_202310_1/xilinx_vek280_es1_base_202310_1.xpfm;xilinx_vmk180_base_202310_1|C:/Xilinx/Vitis/2023.1/base_platforms/xilinx_vmk180_base_202310_1/xilinx_vmk180_base_202310_1.xpfm;xilinx_zcu102_base_202310_1|C:/Xilinx/Vitis/2023.1/base_platforms/xilinx_zcu102_base_202310_1/xilinx_zcu102_base_202310_1.xpfm;xilinx_zcu102_base_dfx_202310_1|C:/Xilinx/Vitis/2023.1/base_platforms/xilinx_zcu102_base_dfx_202310_1/xilinx_zcu102_base_dfx_202310_1.xpfm;xilinx_zcu104_base_202310_1|C:/Xilinx/Vitis/2023.1/base_platforms/xilinx_zcu104_base_202310_1/xilinx_zcu104_base_202310_1.xpfm
11:21:43 INFO  : Checking for BSP changes to sync application flags for project 'project_1_app1'...
11:21:43 INFO  : Updating application flags with new BSP settings...
11:21:44 INFO  : Successfully updated application flags for project project_1_app1.
11:21:50 INFO  : Checking for BSP changes to sync application flags for project 'project_1_app1'...
11:22:00 INFO  : Checking for BSP changes to sync application flags for project 'project_1_app1'...
11:22:18 INFO  : Disconnected from the channel tcfchan#4.
11:22:19 INFO  : Connected to target on host '127.0.0.1' and port '3121'.
11:22:28 INFO  : ----------------XSDB Script----------------
connect -url tcp:127.0.0.1:3121
----------------End of Script----------------

11:22:28 ERROR : Could not find ARM device on the board for connection 'Local'.
Check if the target is in:
1. Split JTAG - No operations are possible with ARM DAP.
2. Non JTAG bootmode - Bootrom may need time to enable DAP.
Please try again.


Troubleshooting hints:
1. Check whether board is connected to system properly.
2. In case of zynq board, check whether Digilent/Xilinx cable switch settings are correct.
3. If you are using Xilinx Platform Cable USB, ensure that status LED is green.
11:22:34 INFO  : Connected to target on host '127.0.0.1' and port '3121'.
11:22:34 INFO  : Jtag cable 'Digilent Zybo Z7 210351B3FED4A' is selected.
11:22:34 INFO  : 'jtag frequency' command is executed.
11:22:34 INFO  : Context for 'APU' is selected.
11:22:34 INFO  : System reset is completed.
11:22:37 INFO  : 'after 3000' command is executed.
11:22:37 INFO  : 'targets -set -filter {jtag_cable_name =~ "Digilent Zybo Z7 210351B3FED4A" && level==0 && jtag_device_ctx=="jsn-Zybo Z7-210351B3FED4A-13722093-0"}' command is executed.
11:22:39 INFO  : Device configured successfully with "C:/Users/kc10b/Vivado/ECE520L/FinalProject/project_1/project_1_vitis/project_1_app1/_ide/bitstream/design_1_wrapper1.bit"
11:22:39 INFO  : Context for 'APU' is selected.
11:22:39 INFO  : Hardware design and registers information is loaded from 'C:/Users/kc10b/Vivado/ECE520L/FinalProject/project_1/project_1_vitis/project_1_plat1/export/project_1_plat1/hw/design_1_wrapper1.xsa'.
11:22:39 INFO  : 'configparams force-mem-access 1' command is executed.
11:22:39 INFO  : Context for 'APU' is selected.
11:22:39 INFO  : Sourcing of 'C:/Users/kc10b/Vivado/ECE520L/FinalProject/project_1/project_1_vitis/project_1_app1/_ide/psinit/ps7_init.tcl' is done.
11:22:39 INFO  : 'ps7_init' command is executed.
11:22:39 INFO  : 'ps7_post_config' command is executed.
11:22:39 INFO  : Context for processor 'ps7_cortexa9_0' is selected.
11:22:39 INFO  : The application 'C:/Users/kc10b/Vivado/ECE520L/FinalProject/project_1/project_1_vitis/project_1_app1/Debug/project_1_app1.elf' is downloaded to processor 'ps7_cortexa9_0'.
11:22:39 INFO  : 'configparams force-mem-access 0' command is executed.
11:22:39 INFO  : ----------------XSDB Script----------------
connect -url tcp:127.0.0.1:3121
targets -set -nocase -filter {name =~"APU*"}
rst -system
after 3000
targets -set -filter {jtag_cable_name =~ "Digilent Zybo Z7 210351B3FED4A" && level==0 && jtag_device_ctx=="jsn-Zybo Z7-210351B3FED4A-13722093-0"}
fpga -file C:/Users/kc10b/Vivado/ECE520L/FinalProject/project_1/project_1_vitis/project_1_app1/_ide/bitstream/design_1_wrapper1.bit
targets -set -nocase -filter {name =~"APU*"}
loadhw -hw C:/Users/kc10b/Vivado/ECE520L/FinalProject/project_1/project_1_vitis/project_1_plat1/export/project_1_plat1/hw/design_1_wrapper1.xsa -mem-ranges [list {0x40000000 0xbfffffff}] -regs
configparams force-mem-access 1
targets -set -nocase -filter {name =~"APU*"}
source C:/Users/kc10b/Vivado/ECE520L/FinalProject/project_1/project_1_vitis/project_1_app1/_ide/psinit/ps7_init.tcl
ps7_init
ps7_post_config
targets -set -nocase -filter {name =~ "*A9*#0"}
dow C:/Users/kc10b/Vivado/ECE520L/FinalProject/project_1/project_1_vitis/project_1_app1/Debug/project_1_app1.elf
configparams force-mem-access 0
----------------End of Script----------------

11:22:40 INFO  : Context for processor 'ps7_cortexa9_0' is selected.
11:22:40 INFO  : 'con' command is executed.
11:22:40 INFO  : ----------------XSDB Script (After Launch)----------------
targets -set -nocase -filter {name =~ "*A9*#0"}
con
----------------End of Script----------------

11:22:40 INFO  : Launch script is exported to file 'C:\Users\kc10b\Vivado\ECE520L\FinalProject\project_1\project_1_vitis\project_1_app1_system\_ide\scripts\debugger_project_1_app1-default.tcl'
11:25:40 INFO  : Disconnected from the channel tcfchan#6.
14:49:05 DEBUG : Logs will be stored at 'C:/Users/trans/Downloads/project_1/project_1/project_1_vitis/IDE.log'.
14:53:28 DEBUG : Logs will be stored at 'C:/Users/trans/Desktop/project_1/project_1_vitis/IDE.log'.
